python : 2026-04-20 13:34:27,304 [DEBUG] asyncio: Using proactor: IocpProactor
At line:1 char:72
+ ... i_system" ; python test_error_handling.py > test_output.txt 2>&1 ; Ge ...
+                 ~~~~~~~~~~~~~~~~~~~~~~~~~~~~~~~~~~~~~~~~~~~~~~~~~~~~
    + CategoryInfo          : NotSpecified: (2026-04-20 13:3...r: IocpProactor 
   :String) [], RemoteException
    + FullyQualifiedErrorId : NativeCommandError
 
Traceback (most recent call last):
  File "C:\Users\Ashwini Sonawane\Desktop\AI 
Projects\agentic_ai_system\test_error_handling.py", line 278, in <module>
    asyncio.run(main())
  File "C:\Python\Python310\lib\asyncio\runners.py", line 44, in run
    return loop.run_until_complete(main)
  File "C:\Python\Python310\lib\asyncio\base_events.py", line 649, in 
run_until_complete
    return future.result()
  File "C:\Users\Ashwini Sonawane\Desktop\AI 
Projects\agentic_ai_system\test_error_handling.py", line 234, in main
    print("\n" + "\U0001f50d " * 20)
  File "C:\Python\Python310\lib\encodings\cp1252.py", line 19, in encode
    return codecs.charmap_encode(input,self.errors,encoding_table)[0]
UnicodeEncodeError: 'charmap' codec can't encode character '\U0001f50d' in 
position 2: character maps to <undefined>
